// Jest Snapshot v1, https://goo.gl/fbAQLP

exports[`Flex respects alignContent 1`] = `
.c0 {
  display: -webkit-box;
  display: -webkit-flex;
  display: -ms-flexbox;
  display: flex;
  -webkit-align-content: start;
  -ms-flex-line-pack: start;
  align-content: start;
}

<div
  className="Box-sc-51qvhg-0 c0"
  display="flex"
/>
`;

exports[`Flex respects alignItems 1`] = `
.c0 {
  display: -webkit-box;
  display: -webkit-flex;
  display: -ms-flexbox;
  display: flex;
  -webkit-align-items: start;
  -webkit-box-align: start;
  -ms-flex-align: start;
  align-items: start;
}

<div
  className="Box-sc-51qvhg-0 c0"
  display="flex"
/>
`;

exports[`Flex respects flexDirection 1`] = `
.c0 {
  display: -webkit-box;
  display: -webkit-flex;
  display: -ms-flexbox;
  display: flex;
  -webkit-flex-direction: row;
  -ms-flex-direction: row;
  flex-direction: row;
}

<div
  className="Box-sc-51qvhg-0 c0"
  display="flex"
/>
`;

exports[`Flex respects flexWrap 1`] = `
.c0 {
  display: -webkit-box;
  display: -webkit-flex;
  display: -ms-flexbox;
  display: flex;
  -webkit-flex-wrap: nowrap;
  -ms-flex-wrap: nowrap;
  flex-wrap: nowrap;
}

<div
  className="Box-sc-51qvhg-0 c0"
  display="flex"
/>
`;

exports[`Flex respects justifyContent 1`] = `
.c0 {
  display: -webkit-box;
  display: -webkit-flex;
  display: -ms-flexbox;
  display: flex;
  -webkit-box-pack: start;
  -webkit-justify-content: start;
  -ms-flex-pack: start;
  justify-content: start;
}

<div
  className="Box-sc-51qvhg-0 c0"
  display="flex"
/>
`;

exports[`Flex respects responsive display 1`] = `
.c0 {
  display: -webkit-box;
  display: -webkit-flex;
  display: -ms-flexbox;
  display: flex;
}

@media screen and (min-width:544px) {
  .c0 {
    display: -webkit-inline-box;
    display: -webkit-inline-flex;
    display: -ms-inline-flexbox;
    display: inline-flex;
  }
}

<div
  className="Box-sc-51qvhg-0 c0"
  display={
    Array [
      "flex",
      "inline-flex",
    ]
  }
/>
`;
