// Jest Snapshot v1, https://goo.gl/fbAQLP

exports[`Link defaults to color prop if color & variant are given 1`] = `
.c0 {
  font-family: inherit;
  font-weight: inherit;
  font-size: inherit;
  -webkit-letter-spacing: inherit;
  -moz-letter-spacing: inherit;
  -ms-letter-spacing: inherit;
  letter-spacing: inherit;
  color: #065535;
  -webkit-text-decoration: none;
  text-decoration: none;
  color: #065535;
}

.c0:hover {
  -webkit-text-decoration: underline;
  text-decoration: underline;
  color: #0E4E8A;
}

.c0:active {
  -webkit-text-decoration: underline;
  text-decoration: underline;
  color: #0E4E8A;
}

<a
  className="c0"
  color="#065535"
/>
`;

exports[`Link defaults to hoverColor prop if hoverColor & variant are given while color stays with variant color 1`] = `
.c0 {
  font-family: inherit;
  font-weight: inherit;
  font-size: inherit;
  -webkit-letter-spacing: inherit;
  -moz-letter-spacing: inherit;
  -ms-letter-spacing: inherit;
  letter-spacing: inherit;
  color: #FFFFFF;
  -webkit-text-decoration: none;
  text-decoration: none;
  color: #FFFFFF;
}

.c0:hover {
  -webkit-text-decoration: underline;
  text-decoration: underline;
  color: #065535;
}

.c0:active {
  -webkit-text-decoration: underline;
  text-decoration: underline;
  color: #065535;
}

<a
  className="c0"
  color="#FFFFFF"
/>
`;

exports[`Link passes href down to link element 1`] = `
.c0 {
  font-family: inherit;
  font-weight: inherit;
  font-size: inherit;
  -webkit-letter-spacing: inherit;
  -moz-letter-spacing: inherit;
  -ms-letter-spacing: inherit;
  letter-spacing: inherit;
  color: #155DA1;
  -webkit-text-decoration: none;
  text-decoration: none;
  color: #155DA1;
}

.c0:hover {
  -webkit-text-decoration: underline;
  text-decoration: underline;
  color: #0E4E8A;
}

.c0:active {
  -webkit-text-decoration: underline;
  text-decoration: underline;
  color: #0E4E8A;
}

<a
  className="c0"
  color="#155DA1"
  href="https://uiuc.hack4impact.org"
/>
`;

exports[`Link renders without any props 1`] = `
.c0 {
  font-family: inherit;
  font-weight: inherit;
  font-size: inherit;
  -webkit-letter-spacing: inherit;
  -moz-letter-spacing: inherit;
  -ms-letter-spacing: inherit;
  letter-spacing: inherit;
  color: #155DA1;
  -webkit-text-decoration: none;
  text-decoration: none;
  color: #155DA1;
}

.c0:hover {
  -webkit-text-decoration: underline;
  text-decoration: underline;
  color: #0E4E8A;
}

.c0:active {
  -webkit-text-decoration: underline;
  text-decoration: underline;
  color: #0E4E8A;
}

<a
  className="c0"
  color="#155DA1"
/>
`;

exports[`Link respects color prop 1`] = `
.c0 {
  font-family: inherit;
  font-weight: inherit;
  font-size: inherit;
  -webkit-letter-spacing: inherit;
  -moz-letter-spacing: inherit;
  -ms-letter-spacing: inherit;
  letter-spacing: inherit;
  color: #065535;
  -webkit-text-decoration: none;
  text-decoration: none;
  color: #065535;
}

.c0:hover {
  -webkit-text-decoration: underline;
  text-decoration: underline;
  color: #0E4E8A;
}

.c0:active {
  -webkit-text-decoration: underline;
  text-decoration: underline;
  color: #0E4E8A;
}

<a
  className="c0"
  color="#065535"
/>
`;

exports[`Link respects hoverColor prop 1`] = `
.c0 {
  font-family: inherit;
  font-weight: inherit;
  font-size: inherit;
  -webkit-letter-spacing: inherit;
  -moz-letter-spacing: inherit;
  -ms-letter-spacing: inherit;
  letter-spacing: inherit;
  color: #155DA1;
  -webkit-text-decoration: none;
  text-decoration: none;
  color: #155DA1;
}

.c0:hover {
  -webkit-text-decoration: underline;
  text-decoration: underline;
  color: #065535;
}

.c0:active {
  -webkit-text-decoration: underline;
  text-decoration: underline;
  color: #065535;
}

<a
  className="c0"
  color="#155DA1"
/>
`;

exports[`Link respects the "as" prop with non-string component types 1`] = `
<a
  className="test-link"
>
  Testing...
</a>
`;

exports[`Link should have themed button styling if as="button" 1`] = `
.c0 {
  font-family: inherit;
  font-weight: inherit;
  font-size: inherit;
  -webkit-letter-spacing: inherit;
  -moz-letter-spacing: inherit;
  -ms-letter-spacing: inherit;
  letter-spacing: inherit;
  color: #155DA1;
  -webkit-text-decoration: none;
  text-decoration: none;
  font-family: Chivo;
  font-weight: 700px;
  font-size: 14px;
  -webkit-letter-spacing: 2px;
  -moz-letter-spacing: 2px;
  -ms-letter-spacing: 2px;
  letter-spacing: 2px;
  text-transform: uppercase;
  display: inline-block;
  padding: 0;
  white-space: nowrap;
  cursor: pointer;
  -webkit-user-select: none;
  -moz-user-select: none;
  -ms-user-select: none;
  user-select: none;
  background-color: transparent;
  border: 0;
  -webkit-appearance: none;
  -moz-appearance: none;
  appearance: none;
  color: #155DA1;
}

.c0:hover {
  -webkit-text-decoration: underline;
  text-decoration: underline;
  color: #0E4E8A;
}

.c0:active {
  -webkit-text-decoration: underline;
  text-decoration: underline;
  color: #0E4E8A;
}

<button
  className="c0"
  color="#155DA1"
>
  APPLY
</button>
`;
